max_provinces = 2015
definitions = "definition.csv"
provinces = "provinces.bmp"
positions = "positions.txt"
terrain = "terrain.bmp"
rivers = "rivers.bmp"
terrain_definition = "terrain.txt"
heightmap = "topology.bmp"
tree_definition = "trees.bmp"
continent = "continent.txt"
adjacencies = "adjacencies.csv"
climate = "climate.txt"
region = "island_region.txt"
geographical_region = "geographical_region.txt"
static = "statics"
seasons = "seasons.txt"

# European Seas
sea_zones = { 1887 1892 } # 1 - Black Sea
sea_zones = { 1893 1930 } # 2 - Mediterranean Sea
sea_zones = { 1931 1983 } # 3 - Atlantic Ocean

# Caspian Sea
sea_zones = { 1878 1886 } # 4 - Caspian Sea

# Indian Seas
sea_zones = { 1984 2014 } # 5 - Indian Ocean

# Major rivers
sea_zones = { 1756 1842 } # 6 - Major rivers - Atlantic ocean
sea_zones = { 1843 1853 } # 7 - Major rivers - Indian ocean

# Non-accessible sea zones
sea_zones = { 1854 1877 } # 8 - Lakes

# European Ocean
ocean_region = {
	sea_zones = { 1 2 3 4 6 }
}

# Indian Ocean
ocean_region = {
	sea_zones = { 5 7 }
}

# Define which indices in trees.bmp palette which should count as trees for automatic terrain assignment
tree = { 3 4 7 10 }

major_rivers = {
	## Rivers

	# Europe
	1756 1757 1758 1759 # Don
	1760 1761 1762 1763 1764 1765 # Dnieper
	1766 1767 1768 # Desna
	1769 1770 # Pripyat
	1771 1772 1773 # Dniester
	1774 1775 1776 1777 1778 1779 1780 1781 1782 1783 # Danube
	1784 1785 1786 1787 1788 1789 # The Nile
	1790 1791 # Guadalquivir
	1792 1793 # Tago
	1794 1795 # Garonne
	1796 1797 # Loire
	1798 1799 # Seine
	1800 1801 1802 # Rhine
	1803 1804 1805 1806 1807 # Elbe
	1808 1809 1810 1811 1812 # Vistula
	1813 1814 # Daugava

	# These four can be configured to extend the Atlantic Ocean, to allow Novgorod to be a merchant republic
	# Extends from Gulf of Finland
	1815 # Neva
	1816 # Ladoga
	1817 # Volkhov
	1818 # Lake Ilmen

	1819 # Dwina
	1820 # Svir
	1821 # Lake Onega
	1822 # Lovat
	1823 1824 1825 1826 1827 1828 1829 1830 1831 1832 1833 # Volga
	1834 1835 1836 1837 # Oka
	1838 1839 # Moskva
	1840 1841 1842 # Kama

	# India
	1843 1844 1845 1846 # Indus
	1847 1848 1849 1850 1851 # Ganges
	1852 1853 # Brahmaputra

	## Lakes

	# Ireland
	1854 # Lough Neagh
	1855 # Lough Erne
	1856 # Lough Mask

	# Finland
	1857 # Näsijärvi
	1858 # Saimaa
	1859 # Kallavesi
	1860 # Oulujärvi
	1861 # Päijänne

	# Sweden
	1862 # Mälaren
	1863 # Vättern
	1864 # Vänern
	1865 # Hjälmaren

	# Baltic
	1866 # Peipus

	# Continental Europe
	1867 # Bodensee
	1868 # Lake Léman

	# Eurasian steppe
	1869 # Aral Sea
	1870 # Lake Balkhash
	1871 # Lake Baikal
	1872 # Lake Sariqamish
	1873 # Lake Zaysan

	# Taklamakan desert
	1874 # Lake Lop Nor

	# Levant
	1875 # Tiveriade Lake
	1876 # Dead Sea

	# Africa
	1877 # Lake Chad
}

externals = {
	# Silkroad Paths to china
	1753 # Jiuquan
	1754 # Markam
	1755 # Water node
}